Executing action: monitor
Running idf_monitor in directory /home/iot_onboarding/esp_projects/baseline1_http
Executing "/home/iot_onboarding/.espressif/python_env/idf5.5_py3.12_env/bin/python /home/iot_onboarding/esp-idf-v5.5.3/tools/idf_monitor.py -p /dev/ttyUSB0 -b 115200 --toolchain-prefix xtensa-esp32-elf- --target esp32 --revision 0 /home/iot_onboarding/esp_projects/baseline1_http/build/bootloader/bootloader.elf -m '/home/iot_onboarding/.espressif/python_env/idf5.5_py3.12_env/bin/python' '/home/iot_onboarding/esp-idf-v5.5.3/tools/idf.py' '-p' '/dev/ttyUSB0'"...
[0;32mI (2293829) example: 3... [0m
[0;32mI (2293829) example: 3... [0m
[0;32mI (2293829) example: 3... [0m
[0;32mI (2293829) example: 3... [0m
[0;32mI (2293829) example: 3... [0m
[0;32mI (2293829) example: 3... [0m
[0;32mI (2293829) example: 3... [0m
[0;32mI (2293829) example: 3... [0m
[0;32mI (2293829) example: 3... [0m
[0;32mI (2293829) example: 3... [0m
[0;32mI (2293829) example: 3... [0m
[0;32mI (2293829) example: 3... [0m
[0;32mI (2293829) example: 3... [0m
[0;32mI (2293829) example: 3... [0m
[0;32mI (2293829) example: 3... [0m
[0;32mI (2293829) example: 3... [0m
[0;32mI (2293829) example: 3... [0m
[0;32mI (2293829) example: 3... [0m
[0;32mI (2293829) example: 3... [0m
[0;32mI (2293829) example: 3... [0m
[0;32mI (2293829) example: 3... [0m
[0;32mI (2293829) example: 3... [0m
[0;32mI (2293829) example: 3... [0m
[0;32mI (2293829) example: 3... [0m
[0;32mI (2293829) example: 3... [0m
[0;32mI (2293829) example: 3... [0m
[0;32mI (2293829) example: 3... [0m
[0;32mI (2293829) example: 3... [0m
[0;32mI (2293829) example: 3... [0m
[0;32mI (2293829) example: 3... [0m
[0;32mI (2293829) example: 3... [0m
[0;32mI (2293829) example: 3... [0m
[0;32mI (2293829) example: 3... [0m
[0;32mI (2293829) example: 3... [0m
[0;32mI (2293829) example: 3... [0m
[0;32mI (2293829) example: 3... [0m
[0;32mI (2293829) example: 3... [0m
[0;32mI (2293829) example: 3... [0m
[0;32mI (2293829) example: 3... [0m
[0;32mI (2293829) example: 3... [0m
[0;32mI (2293829) example: 3... [0m
[0;32mI (2293829) example: 3... [0m
[0;32mI (2293829) example: 3... [0m
[0;32mI (2293829) example: 3... [0m
[0;32mI (2293829) example: 3... [0m
[0;32mI (2293829) example: 3... [0m
[0;32mI (2293829) example: 3... [0m
[0;32mI (2293829) example: 3... [0m
[0;32mI (2293829) example: 3... [0m
[0;32mI (2293829) example: 3... [0m
[0;32mI (2293829) example: 3... [0m
[0;32mI (2293829) example: 3... [0m
[0;32mI (2293829) example: 3... [0m
[0;32mI (2293829) example: 3... [0m
[0;32mI (2293829) example: 3... [0m
[0;32mI (2293829) example: 3... [0m
[0;32mI (2293829) example: 3... [0m
[0;32mI (2293829) example: 3... [0m
[0;32mI (2293829) example: 3... [0m
[0;32mI (2293829) example: 3... [0m
[0;32mI (2293829) example: 3... [0m
[0;32mI (2293829) example: 3... [0m
[0;32mI (2293829) example: 3... [0m
[0;32mI (2293829) example: 3... [0m
[0;32mI (2293829) example: 3... [0m
[0;32mI (2293829) example: 3... [0m
[0;32mI (2293829) example: 3... [0m
[0;32mI (2293829) example: 3... [0m
[0;32mI (2293829) example: 3... [0m
[0;32mI (2293829) example: 3... [0m
[0;32mI (2293829) example: 3... [0m
[0;32mI (2293829) example: 3... [0m
[0;32mI (2293829) example: 3... [0m
ets Jul 29 2019 12:21:46

rst:ets Jul 29 2019 12:21:46

rst:ets Jul 29 2019 12:21:46

rst:ets Jul 29 2019 12:21:46

rst:ets Jul 29 2019 12:21:46

rst:ets Jul 29 2019 12:21:46

rst:ets Jul 29 2019 12:21:46

rst:ets Jul 29 2019 12:21:46

rst:ets Jul 29 2019 12:21:46

rst:ets Jul 29 2019 12:21:46

rst:0x1 (POWERON_RESET),boot:0x13 (S0x1 (POWERON_RESET),boot:0x13 (S0x1 (POWERON_RESET),boot:0x13 (S0x1 (POWERON_RESET),boot:0x13 (S0x1 (POWERON_RESET),boot:0x13 (S0x1 (POWERON_RESET),boot:0x13 (SPI_FAST_FLASH_BOOT)
configsip: 0, SPIWP:0xee
clk_drv:0x00,q_drv:0x00,d_drv:0x00,cs0_drv:0x00,hd_drv:0x00,wp_drv:0x00
mode:DIO, clock div:2
load:0x3fff0030,len:6280
load:0x40078000,len:15864
load:0x40080400,len:3920
entry 0x40080644
[0;32mI (27) boot: ESP-IDF v5.5.3 2nd stage bootloader[0m
[0;32mI (27) boot: compile time Mar  4 2026 14:51:06[0m
[0;32mI (27) boot: Multicore bootloader[0m
[0;32mI (29) boot: chip revision: v3.1[0m
[0;32mI (32) boot.esp32: SPI Speed      : 40MHz[0m
[0;32mI (35) boot.esp32: SPI Mode       : DIO[0m
[0;32mI (39) boot.esp32: SPI Flash Size : 2MB[0m
[0;32mI (42) boot: Enabling RNG early entropy source...[0m
[0;32mI (47) boot: Partition Table:[0m
[0;32mI (49) boot: ## Label            Usage          Type ST Offset   Length[0m
[0;32mI (56) boot:  0 nvs              WiFi data        01 02 00009000 00006000[0m
[0;32mI (62) boot:  1 phy_init         RF data          01 01 0000f000 00001000[0m
[0;32mI (69) boot:  2 factory          factory app      00 00 00010000 00100000[0m
[0;32mI (75) boot: End of partition table[0m
[0;32mI (79) esp_image: segment 0: paddr=00010020 vaddr=3f400020 size=18e18h (101912) map[0m
[0;32mI (121) esp_image: segment 1: paddr=00028e40 vaddr=3ffb0000 size=04348h ( 17224) load[0m
[0;32mI (128) esp_image: segment 2: paddr=0002d190 vaddr=40080000 size=02e88h ( 11912) load[0m
[0;32mI (133) esp_image: segment 3: paddr=00030020 vaddr=400d0020 size=85ce8h (548072) map[0m
[0;32mI (320) esp_image: segment 4: paddr=000b5d10 vaddr=40082e88 size=15170h ( 86384) load[0m
[0;32mI (354) esp_image: segment 5: paddr=000cae88 vaddr=50000000 size=00020h (    32) load[0m
[0;32mI (366) boot: Loaded app from partition at offset 0x10000[0m
[0;32mI (366) boot: Disabling RNG early entropy source...[0m
[0;32mI (376) cpu_start: Multicore app[0m
[0;32mI (385) cpu_start: GPIO 3 and 1 are used as console UART I/O pins[0m
[0;32mI (385) cpu_start: Pro cpu start user code[0m
[0;32mI (385) cpu_start: cpu freq: 160000000 Hz[0m
[0;32mI (387) app_init: Application information:[0m
[0;32mI (391) app_init: Project name:     http_request[0m
[0;32mI (395) app_init: App version:      1[0m
[0;32mI (398) app_init: Compile time:     Mar  4 2026 14:50:46[0m
[0;32mI (403) app_init: ELF file SHA256:  28bf5271c...[0m
[0;32mI (408) app_init: ESP-IDF:          v5.5.3[0m
[0;32mI (412) efuse_init: Min chip rev:     v0.0[0m
[0;32mI (415) efuse_init: Max chip rev:     v3.99 [0m
[0;32mI (419) efuse_init: Chip rev:         v3.1[0m
[0;32mI (423) heap_init: Initializing. RAM available for dynamic allocation:[0m
[0;32mI (430) heap_init: At 3FFAE6E0 len 00001920 (6 KiB): DRAM[0m
[0;32mI (435) heap_init: At 3FFB8B70 len 00027490 (157 KiB): DRAM[0m
[0;32mI (440) heap_init: At 3FFE0440 len 00003AE0 (14 KiB): D/IRAM[0m
[0;32mI (445) heap_init: At 3FFE4350 len 0001BCB0 (111 KiB): D/IRAM[0m
[0;32mI (451) heap_init: At 40098000 len 00008000 (32 KiB): IRAM[0m
[0;33mW (457) spi_flash: Detected boya flash chip but using generic driver. For optimal functionality, enable `SPI_FLASH_SUPPORT_BOYA_CHIP` in menuconfig[0m
[0;32mI (469) spi_flash: detected chip: generic[0m
[0;32mI (473) spi_flash: flash io: dio[0m
[0;33mW (476) spi_flash: Detected size(4096k) larger than the size in the binary image header(2048k). Using the size in the binary image header.[0m
[0;32mI (489) main_task: Started on CPU0[0m
[0;32mI (499) main_task: Calling app_main()[0m
[0;32mI (509) example_connect: Start example_connect.[0m
[0;32mI (519) wifi:wifi driver task: 3ffc06bc, prio:23, stack:6656, core=0[0m
[0;32mI (519) wifi:wifi firmware version: 4df78f2[0m
[0;32mI (519) wifi:wifi certification version: v7.0[0m
[0;32mI (519) wifi:config NVS flash: enabled[0m
[0;32mI (519) wifi:config nano formatting: disabled[0m
[0;32mI (529) wifi:Init data frame dynamic rx buffer num: 32[0m
[0;32mI (529) wifi:Init static rx mgmt buffer num: 5[0m
[0;32mI (539) wifi:Init management short buffer num: 32[0m
[0;32mI (539) wifi:Init dynamic tx buffer num: 32[0m
[0;32mI (549) wifi:Init static rx buffer size: 1600[0m
[0;32mI (549) wifi:Init static rx buffer num: 10[0m
[0;32mI (549) wifi:Init dynamic rx buffer num: 32[0m
[0;32mI (559) wifi_init: rx ba win: 6[0m
[0;32mI (559) wifi_init: accept mbox: 6[0m
[0;32mI (559) wifi_init: tcpip mbox: 32[0m
[0;32mI (569) wifi_init: udp mbox: 6[0m
[0;32mI (569) wifi_init: tcp mbox: 6[0m
[0;32mI (569) wifi_init: tcp tx win: 5760[0m
[0;32mI (579) wifi_init: tcp rx win: 5760[0m
[0;32mI (579) wifi_init: tcp mss: 1440[0m
[0;32mI (579) wifi_init: WiFi IRAM OP enabled[0m
[0;32mI (579) wifi_init: WiFi RX IRAM OP enabled[0m
[0;32mI (589) phy_init: phy_version 4863,a3a4459,Oct 28 2025,14:30:06[0m
[0;32mI (669) phy_init: Saving new calibration data due to checksum failure or outdated calibration data, mode(0)[0m
[0;32mI (699) wifi:mode : sta (00:70:07:17:c4:b4)[0m
[0;32mI (699) wifi:enable tsf[0m
[0;32mI (699) example_connect: Connecting to Ahmed...[0m
[0;33mW (699) wifi:Password length matches WPA2 standards, authmode threshold changes from OPEN to WPA2[0m
[0;32mI (709) example_connect: Waiting for IP(s)[0m
[0;32mI (3369) wifi:new:<6,0>, old:<1,0>, ap:<255,255>, sta:<6,0>, prof:1, snd_ch_cfg:0x0[0m
[0;32mI (3369) wifi:state: init -> auth (0xb0)[0m
[0;32mI (3379) wifi:state: auth -> assoc (0x0)[0m
[0;32mI (3389) wifi:state: assoc -> run (0x10)[0m
[0;32mI (3389) wifi:state: run -> init (0x2c0)[0m
[0;32mI (3389) wifi:new:<6,0>, old:<6,0>, ap:<255,255>, sta:<6,0>, prof:1, snd_ch_cfg:0x0[0m
[0;32mI (3389) example_connect: Wi-Fi disconnected 2, trying to reconnect...[0m
[0;32mI (5809) example_connect: Wi-Fi disconnected 205, trying to reconnect...[0m
[0;32mI (8229) wifi:new:<6,0>, old:<6,0>, ap:<255,255>, sta:<6,0>, prof:1, snd_ch_cfg:0x0[0m
[0;32mI (8229) wifi:state: init -> auth (0xb0)[0m
[0;32mI (8229) wifi:state: auth -> assoc (0x0)[0m
[0;32mI (8239) wifi:state: assoc -> run (0x10)[0m
[0;32mI (8279) wifi:connected with Ahmed, aid = 1, channel 6, BW20, bssid = 06:b2:cd:44:8e:14[0m
[0;32mI (8279) wifi:security: WPA2-PSK, phy: bgn, rssi: -48[0m
[0;32mI (8279) wifi:pm start, type: 1[0m

[0;32mI (8289) wifi:dp: 1, bi: 102400, li: 3, scale listen interval from 307200 us to 307200 us[0m
[0;32mI (8299) wifi:<ba-add>idx:0 (ifx:0, 06:b2:cd:44:8e:14), tid:0, ssn:0, winSize:64[0m
[0;32mI (8349) wifi:dp: 2, bi: 102400, li: 4, scale listen interval from 307200 us to 409600 us[0m
[0;32mI (8359) wifi:AP's beacon interval = 102400 us, DTIM period = 2[0m
[0;32mI (9499) esp_netif_handlers: example_netif_sta ip: 192.168.55.6, mask: 255.255.255.0, gw: 192.168.55.239[0m
[0;32mI (9499) example_connect: Got IPv4 event: Interface "example_netif_sta" address: 192.168.55.6[0m
[0;32mI (9509) example_connect: Got IPv6 event: Interface "example_netif_sta" address: fe80:0000:0000:0000:0270:07ff:fe17:c4b4, type: ESP_IP6_ADDR_IS_LINK_LOCAL[0m
[0;32mI (9519) example_common: Connected to example_netif_sta[0m
[0;32mI (9519) example_common: - IPv4 address: 192.168.55.6,[0m
[0;32mI (9529) example_common: - IPv6 address: fe80:0000:0000:0000:0270:07ff:fe17:c4b4, type: ESP_IP6_ADDR_IS_LINK_LOCAL[0m
[0;32mI (9539) example: DNS lookup succeeded. IP=192.168.55.64[0m
[0;32mI (9539) example: ... allocated socket[0m
[0;32mI (9549) main_task: Returned from app_main()[0m
[0;32mI (9839) example: ... connected[0m
[0;32mI (9839) example: ... socket send success[0m
[0;32mI (9839) example: ... set socket receiving timeout success[0m
[0;32mI (11509) example_connect: Got IPv6 event: Interface "example_netif_sta" address: 2a02:09b0:0040:a915:0270:07ff:fe17:c4b4, type: ESP_IP6_ADDR_IS_GLOBAL[0m
[0;32mI (11939) example: ... done reading from socket. Last read return=-1 errno=104.[0m
[0;32mI (11939) example: 10... [0m
[0;32mI (12939) example: 9... [0m
[0;32mI (13939) example: 8... [0m
[0;32mI (14939) example: 7... [0m
[0;32mI (15939) example: 6... [0m
[0;32mI (16939) example: 5... [0m
[0;32mI (17939) example: 4... [0m
[0;32mI (18939) example: 3... [0m
[0;32mI (19939) example: 2... [0m
[0;32mI (20939) example: 1... [0m
[0;32mI (21939) example: 0... [0m
[0;32mI (22939) example: Starting again![0m
[0;32mI (22939) example: DNS lookup succeeded. IP=192.168.55.64[0m
[0;32mI (22939) example: ... allocated socket[0m
[0;32mI (23209) example: ... connected[0m
[0;32mI (23209) example: ... socket send success[0m
[0;32mI (23209) example: ... set socket receiving timeout success[0m
[0;32mI (25459) example: ... done reading from socket. Last read return=-1 errno=104.[0m
[0;32mI (25459) example: 10... [0m
[0;32mI (26459) example: 9... [0m
[0;32mI (27459) example: 8... [0m
[0;32mI (28459) example: 7... [0m
[0;32mI (29459) example: 6... [0m
[0;32mI (30459) example: 5... [0m
[0;32mI (31459) example: 4... [0m
[0;32mI (32459) example: 3... [0m
[0;32mI (33459) example: 2... [0m
[0;32mI (34459) example: 1... [0m
[0;32mI (35459) example: 0... [0m
[0;32mI (36459) example: Starting again![0m
[0;32mI (36459) example: DNS lookup succeeded. IP=192.168.55.64[0m
[0;32mI (36459) example: ... allocated socket[0m
[0;32mI (36729) example: ... connected[0m
[0;32mI (36739) example: ... socket send success[0m
[0;32mI (36739) example: ... set socket receiving timeout success[0m
[0;32mI (38979) example: ... done reading from socket. Last read return=-1 errno=104.[0m
[0;32mI (38979) example: 10... [0m
[0;32mI (39979) example: 9... [0m
[0;32mI (40979) example: 8... [0m
[0;32mI (41979) example: 7... [0m
[0;32mI (42979) example: 6... [0m
[0;32mI (43979) example: 5... [0m
[0;32mI (44979) example: 4... [0m
[0;32mI (45979) example: 3... [0m
[0;32mI (46979) example: 2... [0m
[0;32mI (47979) example: 1... [0m
[0;32mI (48979) example: 0... [0m
[0;32mI (49979) example: Starting again![0m
[0;32mI (49979) example: DNS lookup succeeded. IP=192.168.55.64[0m
[0;32mI (49979) example: ... allocated socket[0m
[0;32mI (50239) example: ... connected[0m
[0;32mI (50249) example: ... socket send success[0m
[0;32mI (50249) example: ... set socket receiving timeout success[0m
[0;32mI (52519) example: ... done reading from socket. Last read return=-1 errno=104.[0m
[0;32mI (52519) example: 10... [0m
[0;32mI (53519) example: 9... [0m
[0;32mI (54519) example: 8... [0m
[0;32mI (55519) example: 7... [0m
[0;32mI (56519) example: 6... [0m
[0;32mI (57519) example: 5... [0m
